75-149-42-237-SFBA:~ Home$ ls
Applications				checkpoint-22
Desktop					checkpoint-22-searching-assignment
Documents				checkpoint-23-menucontinued
Downloads				checkpoint-23-zassignment
Library					checkpoint_exercise
Movies					code
Music					git_practice
Pictures				greeting.rb
Public					hello_world.rb
README.md				hello_world_with_vim copy.rb
address-bloc				hello_world_with_vim.rb
address-bloc-old			practicegit
bloc					spec
checkpoint-20				sshkey.rtf
75-149-42-237-SFBA:~ Home$ cd practicegit
75-149-42-237-SFBA:practicegit Home$ git clone git@github.com:yourboyvic/practicegit.git
Cloning into 'practicegit'...
Saving password to keychain failed
Saving password to keychain failed
Identity added: /Users/Home/.ssh/id_rsa (/Users/Home/.ssh/id_rsa)
warning: You appear to have cloned an empty repository.
Checking connectivity... done.
75-149-42-237-SFBA:practicegit Home$ git status
On branch checkpoint-22-searching-complete
Changes not staged for commit:
  (use "git add <file>..." to update what will be committed)
  (use "git checkout -- <file>..." to discard changes in working directory)

	modified:   ../README.md

Untracked files:
  (use "git add <file>..." to include in what will be committed)

	../.CFUserTextEncoding
	../.Trash/
	../.android/
	../.atom/
	../.bash_history
	../.bash_profile
	../.bashrc
	../.config/
	../.cups/
	../.dropbox/
	../.gem/
	../.gitconfig
	../.irb-history
	../.lesshst
	../.mkshrc
	../.oracle_jre_usage/
	../.profile
	../.python-eggs/
	../.rspec
	../.rvm/
	../.ssh/
	../.viminfo
	../.zlogin
	../.zshrc
	../Applications/
	../Desktop/
	../Documents/
	../Downloads/
	../Library/
	../Movies/
	../Music/
	../Pictures/
	../Public/
	../address-bloc-old/
	../address-bloc/
	../bloc/
	../checkpoint-20/
	../checkpoint-22-searching-assignment/
	../checkpoint-23-menucontinued/
	../checkpoint-23-zassignment/
	../checkpoint_exercise/
	../git_practice/
	../hello_world.rb
	../hello_world_with_vim copy.rb
	../hello_world_with_vim.rb
	../sshkey.rtf

no changes added to commit (use "git add" and/or "git commit -a")
75-149-42-237-SFBA:practicegit Home$ touch README.md
75-149-42-237-SFBA:practicegit Home$ ls
README.md	practicegit
75-149-42-237-SFBA:practicegit Home$ atom README.md
75-149-42-237-SFBA:practicegit Home$ git init
Initialized empty Git repository in /Users/Home/practicegit/.git/
75-149-42-237-SFBA:practicegit Home$ ls
README.md	practicegit
75-149-42-237-SFBA:practicegit Home$ git add .
75-149-42-237-SFBA:practicegit Home$ git commit -m "readme practice"
[master (root-commit) 480b3c3] readme practice
 1 file changed, 1 insertion(+)
 create mode 100644 README.md
75-149-42-237-SFBA:practicegit Home$ git status
On branch master
nothing to commit, working directory clean
75-149-42-237-SFBA:practicegit Home$ git remote add origin https://github.com/yourboyvic/practicegit.git
75-149-42-237-SFBA:practicegit Home$ git push -u origin master
Counting objects: 3, done.
Delta compression using up to 12 threads.
Compressing objects: 100% (2/2), done.
Writing objects: 100% (3/3), 271 bytes | 0 bytes/s, done.
Total 3 (delta 0), reused 0 (delta 0)
To https://github.com/yourboyvic/practicegit.git
 * [new branch]      master -> master
Branch master set up to track remote branch master from origin.
75-149-42-237-SFBA:practicegit Home$
