75-149-42-237-SFBA:~ Home$ ls
Applications				checkpoint-22
Desktop					checkpoint-22-searching-assignment
Documents				checkpoint-23-menucontinued
Downloads				checkpoint-23-zassignment
Library					checkpoint_exercise
Movies					code
Music					git_practice
Pictures				greeting.rb
Public					hello_world.rb
README.md				hello_world_with_vim copy.rb
address-bloc				hello_world_with_vim.rb
address-bloc-old			practicegit
bloc					spec
checkpoint-20				sshkey.rtf
75-149-42-237-SFBA:~ Home$ cd practicegit
75-149-42-237-SFBA:practicegit Home$ ls
README.md	practicegit	terminalreadout
75-149-42-237-SFBA:practicegit Home$ cd practicegit
75-149-42-237-SFBA:practicegit Home$ ls
terminalreadout.txt
75-149-42-237-SFBA:practicegit Home$ ls
terminalreadout.txt
75-149-42-237-SFBA:practicegit Home$ cd ..
75-149-42-237-SFBA:practicegit Home$  ls
README.md		terminalreadout.txt
75-149-42-237-SFBA:practicegit Home$ git status
On branch master
Your branch is up-to-date with 'origin/master'.
Untracked files:
  (use "git add <file>..." to include in what will be committed)

	terminalreadout.txt

nothing added to commit but untracked files present (use "git add" to track)
75-149-42-237-SFBA:practicegit Home$ git checkout -b initialterminalreadout
Switched to a new branch 'initialterminalreadout'
75-149-42-237-SFBA:practicegit Home$ git status
On branch initialterminalreadout
Untracked files:
  (use "git add <file>..." to include in what will be committed)

	terminalreadout.txt

nothing added to commit but untracked files present (use "git add" to track)
75-149-42-237-SFBA:practicegit Home$ git add .
75-149-42-237-SFBA:practicegit Home$ git status
On branch initialterminalreadout
Changes to be committed:
  (use "git reset HEAD <file>..." to unstage)

	new file:   terminalreadout.txt

75-149-42-237-SFBA:practicegit Home$ git commit -m "terminalreadoutpractice"
[initialterminalreadout a2585a7] terminalreadoutpractice
 1 file changed, 109 insertions(+)
 create mode 100644 terminalreadout.txt
75-149-42-237-SFBA:practicegit Home$ git push origin terminalbranch
error: src refspec terminalbranch does not match any.
error: failed to push some refs to 'https://github.com/yourboyvic/practicegit.git'
75-149-42-237-SFBA:practicegit Home$ git push origin https://github.com/yourboyvic/practicegit.git
fatal: remote part of refspec is not a valid name in https://github.com/yourboyvic/practicegit.git
75-149-42-237-SFBA:practicegit Home$ git push origin initialterminalreadout
Counting objects: 3, done.
Delta compression using up to 12 threads.
Compressing objects: 100% (3/3), done.
Writing objects: 100% (3/3), 1.43 KiB | 0 bytes/s, done.
Total 3 (delta 0), reused 0 (delta 0)
To https://github.com/yourboyvic/practicegit.git
 * [new branch]      initialterminalreadout -> initialterminalreadout
75-149-42-237-SFBA:practicegit Home$ git checkout master
Switched to branch 'master'
Your branch is up-to-date with 'origin/master'.
75-149-42-237-SFBA:practicegit Home$ git merge initialterminalreadout
Updating 480b3c3..a2585a7
Fast-forward
 terminalreadout.txt | 109 +++++++++++++++++++++++++++++++++++++++++++++++++++++++++++++++++++++++++++++++++
 1 file changed, 109 insertions(+)
 create mode 100644 terminalreadout.txt
75-149-42-237-SFBA:practicegit Home$ git push origin master
Total 0 (delta 0), reused 0 (delta 0)
To https://github.com/yourboyvic/practicegit.git
   480b3c3..a2585a7  master -> master
75-149-42-237-SFBA:practicegit Home$ git status
On branch master
Your branch is up-to-date with 'origin/master'.
nothing to commit, working directory clean
75-149-42-237-SFBA:practicegit Home$ git status
On branch master
Your branch is up-to-date with 'origin/master'.
nothing to commit, working directory clean
75-149-42-237-SFBA:practicegit Home$
